frontend/src/App.svelte::showCreationSubTab::TICKET-0059
frontend/src/App.svelte::showFn::TICKET-0061
frontend/src/Header.svelte::activateWorld::TICKET-0061
frontend/src/Header.svelte::worldCreateOpen::TICKET-0059
frontend/src/Header.svelte::worldDeleteOpen::TICKET-0059
frontend/src/creation/EntityList.svelte::authorSelectEntity::TICKET-0059
frontend/src/creation/EntityList.svelte::creationSelectRecord::TICKET-0059
frontend/src/creation/FactionRoster.svelte::creationOpenEntityFrom::TICKET-0059
frontend/src/creation/Region.svelte::creationRefreshList::TICKET-0059
frontend/src/creation/RoomBatch.svelte::creationRefreshList::TICKET-0059
frontend/src/creation/Sheet.svelte::_authorConsumePendingCreationMutationId::TICKET-0059
frontend/src/creation/Sheet.svelte::_authorGetPendingCreationMutationId::TICKET-0059
frontend/src/creation/Sheet.svelte::_authorNotifySaved::TICKET-0059
frontend/src/creation/Sheet.svelte::_authorResetCreateDrafts::TICKET-0059
frontend/src/creation/Sheet.svelte::authorBackfillGoals::TICKET-0059
frontend/src/creation/Sheet.svelte::authorLoadDiscDetails::TICKET-0059
frontend/src/creation/Sheet.svelte::authorLoadGoals::TICKET-0059
frontend/src/creation/Sheet.svelte::authorRenderDiscDetailForm::TICKET-0059
frontend/src/creation/Sheet.svelte::authorRenderGoalForm::TICKET-0059
frontend/src/creation/Sheet.svelte::authorRenderKnowledge::TICKET-0059
frontend/src/creation/Sheet.svelte::authorRenderKnowledgeForm::TICKET-0059
frontend/src/creation/Sheet.svelte::authorRenderRelationForm::TICKET-0059
frontend/src/creation/Sheet.svelte::authorRenderRelations::TICKET-0059
frontend/src/creation/Sheet.svelte::creationRefreshList::TICKET-0059
frontend/src/creation/Sheet.svelte::creationRefreshList::TICKET-0059
frontend/src/creation/locationType.js::genericModalClose::TICKET-0059
frontend/src/creation/locationType.js::genericModalOpen::TICKET-0059
frontend/src/graph/consumers/relations.js::authorGetSelectedEntityId::TICKET-0059
